// Jest Snapshot v1, https://goo.gl/fbAQLP

exports[`renders EncountersList UI with correct hierarchy 1`] = `
<div>
  <CustomModal
    hasCancel={true}
    hasConfirm={true}
    onClose={[Function]}
    onConfirm={[Function]}
    open={false}
  >
    <div
      className="DeleteModal"
    >
      <h1>
        Warning
      </h1>
      <p>
        Are you sure you want to delete this encounter? You cannot undo this action.
      </p>
    </div>
  </CustomModal>
  <div
    className="Container"
  >
    <div
      className="Header"
    >
      Encounters
    </div>
    <div
      className="Utilities"
    >
      <SearchBar
        exportSearchString={[Function]}
        hasAutocomplete={false}
        placeholder="Search"
      />
      <div
        className="Button"
      >
        <Link
          style={
            Object {
              "textDecoration": "none",
            }
          }
          to={
            Object {
              "pathname": "/encounters/create",
            }
          }
        >
          <IconButton
            btnText="New Encounter"
            includeIcon={true}
            onClick={[Function]}
          />
        </Link>
      </div>
    </div>
    <h4>
      Loading...
    </h4>
  </div>
  <ToastContainer
    autoClose={5000}
    closeButton={[Function]}
    closeOnClick={true}
    draggable={true}
    draggableDirection="x"
    draggablePercent={80}
    hideProgressBar={false}
    newestOnTop={false}
    pauseOnFocusLoss={true}
    pauseOnHover={true}
    position="bottom-center"
    role="alert"
    rtl={false}
    theme="light"
    transition={[Function]}
  />
</div>
`;
