// Jest Snapshot v1, https://goo.gl/fbAQLP

exports[`renders EncounterCard UI to test correct hierarchy 1`] = `
<div
  className="Card"
  onClick={[Function]}
>
  <div
    className="Card_content"
  >
    <section
      className="Header"
    >
      <div
        className="Title"
      >
        Example Title
      </div>
      <div
        className="Profile_container"
      >
        <CustomAvatar
          persons={
            Array [
              Object {
                "first_name": "Kent",
                "last_name": "Dodds",
              },
              Object {
                "first_name": "Jed",
                "last_name": "Watson",
              },
              Object {
                "first_name": "Marley",
                "last_name": "George",
              },
              Object {
                "first_name": "Jack",
                "last_name": "Winston",
              },
              Object {
                "first_name": "John",
                "last_name": "Doe",
              },
            ]
          }
        />
      </div>
    </section>
    <section
      className="Body"
    >
      Example Description
    </section>
    <section
      className="Footer"
    >
      <div
        className="Date"
      >
        Date we met: 
        <div>
          <UnknownDetail />
        </div>
      </div>
      <div
        className="Location"
      >
        Where we met: 
        <span>
          Example Location
        </span>
      </div>
      <CustomButton
        btnText="Delete"
        onClick={[Function]}
      />
    </section>
  </div>
</div>
`;
